21:03:04 **** Incremental Build of configuration Debug for project CG2028_Assignment ****
make -j16 all 
arm-none-eabi-size  CG2028_Assignment.elf 
   text	   data	    bss	    dec	    hex	filename
  34088	    584	   2144	  36816	   8fd0	CG2028_Assignment.elf
Finished building: default.size.stdout
 
21:03:12 **** Incremental Build of configuration Debug for project CG2028_Assignment ****
make -j16 all 
arm-none-eabi-size  CG2028_Assignment.elf 
   text	   data	    bss	    dec	    hex	filename
  34088	    584	   2144	  36816	   8fd0	CG2028_Assignment.elf
Finished building: default.size.stdout
 
21:06:12 **** Incremental Build of configuration Debug for project CG2028_Assignment ****
make -j16 all 
arm-none-eabi-size  CG2028_Assignment.elf 
   text	   data	    bss	    dec	    hex	filename
  34088	    584	   2144	  36816	   8fd0	CG2028_Assignment.elf
Finished building: default.size.stdout
 
