19:58:05 **** Incremental Build of configuration Debug for project CG2028_Assignment ****
make -j16 all 
arm-none-eabi-size  CG2028_Assignment.elf 
   text	   data	    bss	    dec	    hex	filename
  42096	    592	   2272	  44960	   afa0	CG2028_Assignment.elf
Finished building: default.size.stdout
 
19:58:11 **** Incremental Build of configuration Debug for project CG2028_Assignment ****
make -j16 all 
arm-none-eabi-size  CG2028_Assignment.elf 
   text	   data	    bss	    dec	    hex	filename
  42096	    592	   2272	  44960	   afa0	CG2028_Assignment.elf
Finished building: default.size.stdout
 
